C:\projects\project_test\Temp\Includes\AS_TempDecl\McElements.var
C:\projects\project_test\Temp\Includes\AS_TempDecl\MpComponents.var
C:\projects\project_test\Logical\Global.typ
C:\projects\project_test\Logical\Global.var
C:\projects\project_test\Logical\Libraries\operator\operator.fun
C:\projects\project_test\Logical\Libraries\operator\operator.typ
C:\projects\project_test\Logical\Libraries\operator\operator.var
C:\projects\project_test\Logical\Libraries\runtime\runtime.fun
C:\projects\project_test\Logical\Libraries\runtime\runtime.typ
C:\projects\project_test\Logical\Libraries\runtime\runtime.var
C:\projects\project_test\Logical\Libraries\astime\astime.fun
C:\projects\project_test\Logical\Libraries\astime\astime.typ
C:\projects\project_test\Logical\Libraries\astime\astime.var
C:\projects\project_test\Logical\Libraries\AsIecCon\AsIecCon.fun
C:\projects\project_test\Logical\Libraries\AsIecCon\AsIecCon.typ
C:\projects\project_test\Logical\Libraries\AsIecCon\AsIecCon.var
C:\projects\project_test\Logical\Libraries\AsBrStr\AsBrStr.fun
C:\projects\project_test\Logical\Libraries\AsBrStr\AsBrStr.typ
C:\projects\project_test\Logical\Libraries\AsBrStr\AsBrStr.var
C:\projects\project_test\Logical\Libraries\standard\standard.fun
C:\projects\project_test\Logical\Libraries\standard\standard.typ
C:\projects\project_test\Logical\Libraries\standard\standard.var
C:\projects\project_test\Logical\Libraries\ArEventLog\ArEventLog.fun
C:\projects\project_test\Logical\Libraries\ArEventLog\ArEventLog.typ
C:\projects\project_test\Logical\Libraries\ArEventLog\ArEventLog.var
C:\projects\project_test\Logical\Libraries\AsArLog\AsArLog.fun
C:\projects\project_test\Logical\Libraries\AsArLog\AsArLog.typ
C:\projects\project_test\Logical\Libraries\AsArLog\AsArLog.var
C:\projects\project_test\Logical\Libraries\sys_lib\sys_lib.fun
C:\projects\project_test\Logical\Libraries\sys_lib\sys_lib.typ
C:\projects\project_test\Logical\Libraries\sys_lib\sys_lib.var
C:\projects\project_test\Logical\Libraries\AsTCP\AsTCP.fun
C:\projects\project_test\Logical\Libraries\AsTCP\AsTCP.typ
C:\projects\project_test\Logical\Libraries\AsTCP\AsTCP.var
C:\projects\project_test\Logical\Libraries\FileIO\FileIO.fun
C:\projects\project_test\Logical\Libraries\FileIO\FileIO.typ
C:\projects\project_test\Logical\Libraries\FileIO\FileIO.var
C:\projects\project_test\Logical\Libraries\AsIOTime\AsIOTime.fun
C:\projects\project_test\Logical\Libraries\AsIOTime\AsIOTime.typ
C:\projects\project_test\Logical\Libraries\AsIOTime\AsIOTime.var
C:\projects\project_test\Logical\Libraries\AsUDP\AsUDP.fun
C:\projects\project_test\Logical\Libraries\AsUDP\AsUDP.typ
C:\projects\project_test\Logical\Libraries\AsUDP\AsUDP.var
C:\projects\project_test\Logical\Libraries\AsETH\AsETH.fun
C:\projects\project_test\Logical\Libraries\AsETH\AsETH.typ
C:\projects\project_test\Logical\Libraries\AsETH\AsETH.var
C:\projects\project_test\Logical\Libraries\AsARCfg\AsARCfg.fun
C:\projects\project_test\Logical\Libraries\AsARCfg\AsARCfg.typ
C:\projects\project_test\Logical\Libraries\AsARCfg\AsARCfg.var
C:\projects\project_test\Logical\Libraries\brsystem\brsystem.fun
C:\projects\project_test\Logical\Libraries\brsystem\brsystem.typ
C:\projects\project_test\Logical\Libraries\brsystem\brsystem.var
C:\projects\project_test\Logical\Libraries\AsGuard\AsGuard.fun
C:\projects\project_test\Logical\Libraries\AsGuard\AsGuard.typ
C:\projects\project_test\Logical\Libraries\AsGuard\AsGuard.var
C:\projects\project_test\Logical\Libraries\AsBrMath\AsBrMath.fun
C:\projects\project_test\Logical\Libraries\AsBrMath\AsBrMath.typ
C:\projects\project_test\Logical\Libraries\AsBrMath\AsBrMath.var
C:\projects\project_test\Logical\Libraries\asstring\asstring.fun
C:\projects\project_test\Logical\Libraries\asstring\asstring.typ
C:\projects\project_test\Logical\Libraries\asstring\asstring.var
C:\projects\project_test\Logical\Libraries\AsHttp\AsHttp.fun
C:\projects\project_test\Logical\Libraries\AsHttp\AsHttp.typ
C:\projects\project_test\Logical\Libraries\AsHttp\AsHttp.var
C:\projects\project_test\Logical\Libraries\AsXml\AsXml.fun
C:\projects\project_test\Logical\Libraries\AsXml\AsXml.typ
C:\projects\project_test\Logical\Libraries\AsXml\AsXml.var
C:\projects\project_test\Logical\Libraries\AsIOAcc\AsIOAcc.fun
C:\projects\project_test\Logical\Libraries\AsIOAcc\AsIOAcc.typ
C:\projects\project_test\Logical\Libraries\AsIOAcc\AsIOAcc.var
C:\projects\project_test\Logical\Libraries\AsArSdm\AsArSdm.fun
C:\projects\project_test\Logical\Libraries\AsArSdm\AsArSdm.typ
C:\projects\project_test\Logical\Libraries\AsArSdm\AsArSdm.var
C:\projects\project_test\Logical\Libraries\AsIODiag\AsIODiag.fun
C:\projects\project_test\Logical\Libraries\AsIODiag\AsIODiag.typ
C:\projects\project_test\Logical\Libraries\AsIODiag\AsIODiag.var
C:\projects\project_test\Logical\Libraries\HmiSupport\Types.typ
C:\projects\project_test\Logical\Libraries\HmiSupport\Constants.var
C:\projects\project_test\Logical\Libraries\HmiSupport\HmiSupport.fun
C:\projects\project_test\Logical\Libraries\AsIO\AsIO.fun
C:\projects\project_test\Logical\Libraries\AsIO\AsIO.typ
C:\projects\project_test\Logical\Libraries\AsIO\AsIO.var
C:\projects\project_test\Logical\Libraries\AsIOMMan\AsIOMMan.fun
C:\projects\project_test\Logical\Libraries\AsIOMMan\AsIOMMan.typ
C:\projects\project_test\Logical\Libraries\AsIOMMan\AsIOMMan.var
C:\projects\project_test\Logical\Libraries\DataObj\DataObj.fun
C:\projects\project_test\Logical\Libraries\DataObj\DataObj.typ
C:\projects\project_test\Logical\Libraries\DataObj\DataObj.var
C:\projects\project_test\Logical\Libraries\AsArProf\AsArProf.fun
C:\projects\project_test\Logical\Libraries\AsArProf\AsArProf.typ
C:\projects\project_test\Logical\Libraries\AsArProf\AsArProf.var
C:\projects\project_test\Logical\Libraries\SuperTrak\SuperTrak.fun
C:\projects\project_test\Logical\Libraries\SuperTrak\SuperTrak.typ
C:\projects\project_test\Logical\Libraries\SuperTrak\SuperTrak.var
C:\projects\project_test\Logical\Libraries\StCom\StCom.typ
C:\projects\project_test\Logical\Libraries\StCom\StCom.var
C:\projects\project_test\Logical\Libraries\StCom\StCom.fun
C:\projects\project_test\Logical\Libraries\MpAlarmX\MpAlarmX.typ
C:\projects\project_test\Logical\Libraries\MpAlarmX\MpAlarmXError.typ
C:\projects\project_test\Logical\Libraries\MpAlarmX\MpAlarmX.fun
C:\projects\project_test\Logical\Libraries\MpBase\MpBase.var
C:\projects\project_test\Logical\Libraries\MpBase\MpBase.typ
C:\projects\project_test\Logical\Libraries\MpBase\MpBase.fun
C:\projects\project_test\Logical\Libraries\MpAxis\MpAxis.fun
C:\projects\project_test\Logical\Libraries\MpAxis\MpAxis.typ
C:\projects\project_test\Logical\Libraries\MpAxis\MpAxisError.typ
C:\projects\project_test\Logical\Libraries\McAxis\McAxis.typ
C:\projects\project_test\Logical\Libraries\McAxis\McAxis.fun
C:\projects\project_test\Logical\Libraries\McAxis\McAxis.var
C:\projects\project_test\Logical\Libraries\McAxis\McAxisCfg.typ
C:\projects\project_test\Logical\Libraries\McBase\McBase.typ
C:\projects\project_test\Logical\Libraries\McBase\McBase.fun
C:\projects\project_test\Logical\Libraries\McBase\McBase.var
C:\projects\project_test\Logical\Libraries\McBase\McBaseCfg.typ
C:\projects\project_test\Logical\Libraries\McPureVAx\McPureVAx.typ
C:\projects\project_test\Logical\Libraries\McPureVAx\McPureVAx.fun
C:\projects\project_test\Logical\Libraries\McPureVAx\McPureVAx.var
C:\projects\project_test\Logical\Libraries\McPureVAx\McPureVAxCfg.typ
C:\projects\project_test\Logical\Libraries\McAcpAx\McAcpAx.typ
C:\projects\project_test\Logical\Libraries\McAcpAx\McAcpAx.fun
C:\projects\project_test\Logical\Libraries\McAcpAx\McAcpAx.var
C:\projects\project_test\Logical\Libraries\McAcpAx\McAcpAxCfg.typ
C:\projects\project_test\Logical\Libraries\McAcpPar\McAcpPar.var
C:\projects\project_test\Logical\Libraries\MpServer\Constants.var
C:\projects\project_test\Logical\Libraries\MpServer\Types.typ
C:\projects\project_test\Logical\Libraries\MpServer\MpServer.fun
